[smansatupasirkuda.sch.id/index.html]
[backblue.gif]
[fade.gif]
[index.html]
[smansatupasirkuda.sch.id/cms/css/font-awesome.min.css]
[smansatupasirkuda.sch.id/cms/css/bootstrap.min.css]
[smansatupasirkuda.sch.id/themes/template2/css/animate.css]
[smansatupasirkuda.sch.id/themes/template2/css/icomoon.css]
[smansatupasirkuda.sch.id/cms/css/sweetalert.css]
[smansatupasirkuda.sch.id/themes/template2/css/magnific-popup.css]
[smansatupasirkuda.sch.id/themes/template2/css/owl.carousel.min.css]
[smansatupasirkuda.sch.id/themes/template2/css/owl.theme.default.min.css]
[smansatupasirkuda.sch.id/themes/template2/css/style.css]
[smansatupasirkuda.sch.id/themes/template2/css/bootstrap-touch-slider.css]
[smansatupasirkuda.sch.id/themes/template2/assets/nav-priority/stylesheets/nav-priority.css]
[smansatupasirkuda.sch.id/themes/template2/css/navbar-prio.css]
[smansatupasirkuda.sch.id/cms/js/jquery.min.js]
[smansatupasirkuda.sch.id/cms/countdown-flip/css/flipTimer.css]
[smansatupasirkuda.sch.id/cms/countdown-flip/js/jquery.flipTimer.js]
[smansatupasirkuda.sch.id/cms/css/dataTables.bootstrap.min.css]
[smansatupasirkuda.sch.id/cms/css/select2.min.css]
[smansatupasirkuda.sch.id/themes/template2/css/slick-theme.css]
[smansatupasirkuda.sch.id/themes/template2/css/slick.css]
[smansatupasirkuda.sch.id/berita.html]
[smansatupasirkuda.sch.id/galeri.html]
[smansatupasirkuda.sch.id/video.html]
[smansatupasirkuda.sch.id/tentang-sekolah.html]
[smansatupasirkuda.sch.id/visi-misi.html]
[smansatupasirkuda.sch.id/kepala-sekolah.html]
[smansatupasirkuda.sch.id/prestasi.html]
[smansatupasirkuda.sch.id/peminatan.html]
[smansatupasirkuda.sch.id/sarpras.html]
[smansatupasirkuda.sch.id/guru.html]
[smansatupasirkuda.sch.id/stap-tu.html]
[smansatupasirkuda.sch.id/siswa.html]
[smansatupasirkuda.sch.id/pengumuman.html]
[smansatupasirkuda.sch.id/agenda.html]
[smansatupasirkuda.sch.id/jadwal-pelajaran.html]
[smansatupasirkuda.sch.id/jadwal-ujian.html]
[smansatupasirkuda.sch.id/ekstrakurikuler.html]
[smansatupasirkuda.sch.id/unduhan.html]
[smansatupasirkuda.sch.id/tentang-osis.html]
[smansatupasirkuda.sch.id/pengurus-osis.html]
[smansatupasirkuda.sch.id/kegiatan-osis.html]
[smansatupasirkuda.sch.id/opini-guru.html]
[smansatupasirkuda.sch.id/opini-siswa.html]
[smansatupasirkuda.sch.id/themes/template2/images/icons/visi-misi-icon.png]
[smansatupasirkuda.sch.id/themes/template2/images/icons/kepala-sekolah-icon.png]
[smansatupasirkuda.sch.id/themes/template2/images/icons/tentang-sekolah-icon.png]
[smansatupasirkuda.sch.id/berita/upacara-pembukaan-kemah-blok-2023-2024.html]
[smansatupasirkuda.sch.id/berita/upacara-pembukaan-mpls-2023-2024.html]
[smansatupasirkuda.sch.id/berita/rantang-pramuka.html]
[smansatupasirkuda.sch.id/assets/img/avatar/foto-rusak.png]
[smansatupasirkuda.sch.id/agenda/judul-agenda-4-988.html]
[smansatupasirkuda.sch.id/agenda/judul-agenda-1-989.html]
[smansatupasirkuda.sch.id/cms/js/bootstrap.min.js]
[smansatupasirkuda.sch.id/themes/template2/js/modernizr-2.8.2.min.js]
[smansatupasirkuda.sch.id/cms/js/wow.min.js]
[smansatupasirkuda.sch.id/cms/js/sweetalert.min.js]
[smansatupasirkuda.sch.id/themes/template2/js/jquery.lazyloader.js]
[smansatupasirkuda.sch.id/cms/js/select2.min.js]
[smansatupasirkuda.sch.id/cms/js/jquery.dataTables.min.js]
[smansatupasirkuda.sch.id/cms/js/dataTables.bootstrap.min.js]
[smansatupasirkuda.sch.id/cms/js/moment/moment.js]
[smansatupasirkuda.sch.id/cms/js/jquery.lazy.min.js]
[smansatupasirkuda.sch.id/cms/js/jquery.lazy.plugins.min.js]
[smansatupasirkuda.sch.id/themes/template2/js/navbar-prio.js]
[smansatupasirkuda.sch.id/cms/dashboard/js/jquery.slimscroll.min.js]
[smansatupasirkuda.sch.id/themes/template2/js/owl.carousel.min.js]
[smansatupasirkuda.sch.id/index.html]
[smansatupasirkuda.sch.id/themes/template2/js/slick.min.js]
[smansatupasirkuda.sch.id/cms/fonts/fontawesome-webfont5b62.eot]
[smansatupasirkuda.sch.id/cms/fonts/fontawesome-webfontd41d.eot]
[smansatupasirkuda.sch.id/cms/fonts/fontawesome-webfont5b62.woff2]
[smansatupasirkuda.sch.id/cms/fonts/fontawesome-webfont5b62.woff]
[smansatupasirkuda.sch.id/cms/fonts/fontawesome-webfont5b62.ttf]
[smansatupasirkuda.sch.id/cms/css/font-awesome.min.css]
[smansatupasirkuda.sch.id/cms/fonts/glyphicons-halflings-regular.eot]
[smansatupasirkuda.sch.id/cms/fonts/glyphicons-halflings-regulard41d.eot]
[smansatupasirkuda.sch.id/cms/fonts/glyphicons-halflings-regular.woff2]
[smansatupasirkuda.sch.id/cms/fonts/glyphicons-halflings-regular.woff]
[smansatupasirkuda.sch.id/cms/fonts/glyphicons-halflings-regular.ttf]
[smansatupasirkuda.sch.id/cms/css/bootstrap.min.css]
[smansatupasirkuda.sch.id/themes/template2/css/animate.css]
[smansatupasirkuda.sch.id/themes/template2/fonts/icomoon/icomoon.65b103.delayed]
[smansatupasirkuda.sch.id/themes/template2/fonts/icomoon/icomoon.66b103.delayed]
[smansatupasirkuda.sch.id/themes/template2/fonts/icomoon/icomoon.67b103.delayed]
[smansatupasirkuda.sch.id/themes/template2/fonts/icomoon/icomoon.68b103.delayed]
[smansatupasirkuda.sch.id/themes/template2/css/icomoon.css]
[smansatupasirkuda.sch.id/cms/css/sweetalert.css]
[smansatupasirkuda.sch.id/themes/template2/css/magnific-popup.css]
[smansatupasirkuda.sch.id/themes/template2/css/owl.video.play.69.delayed]
[smansatupasirkuda.sch.id/themes/template2/css/owl.carousel.min.css]
[smansatupasirkuda.sch.id/themes/template2/css/owl.theme.default.min.css]
[smansatupasirkuda.sch.id/themes/template2/images/background.jpg]
[smansatupasirkuda.sch.id/themes/template2/images/background2.jpg]
[smansatupasirkuda.sch.id/themes/template2/images/background3.jpg]
[smansatupasirkuda.sch.id/themes/template2/images/background4.jpg]
[smansatupasirkuda.sch.id/themes/template2/images/background5.jpg]
[smansatupasirkuda.sch.id/themes/template2/images/background6.jpg]
[smansatupasirkuda.sch.id/themes/template2/images/background7.jpg]
[smansatupasirkuda.sch.id/themes/template2/images/background8.71.delayed]
[smansatupasirkuda.sch.id/themes/template2/images/background9.jpg]
[smansatupasirkuda.sch.id/themes/template2/images/background10.jpg]
[smansatupasirkuda.sch.id/themes/template2/images/icons/ico_time.74.delayed]
[smansatupasirkuda.sch.id/themes/template2/css/style.css]
[smansatupasirkuda.sch.id/themes/template2/css/bootstrap-touch-slider.css]
[smansatupasirkuda.sch.id/themes/template2/assets/nav-priority/stylesheets/nav-priority.css]
[smansatupasirkuda.sch.id/themes/template2/css/navbar-prio.css]
[smansatupasirkuda.sch.id/cms/countdown-flip/css/flipTimer.css]
[smansatupasirkuda.sch.id/themes/template2/images/icons/loading1.svg]
[smansatupasirkuda.sch.id/cms/css/dataTables.bootstrap.min.css]
[smansatupasirkuda.sch.id/cms/css/select2.min.css]
[smansatupasirkuda.sch.id/themes/template2/css/ajax-loader.75.delayed]
[smansatupasirkuda.sch.id/themes/template2/fonts/slick.eot]
[smansatupasirkuda.sch.id/themes/template2/fonts/slickd41d.eot]
[smansatupasirkuda.sch.id/themes/template2/fonts/slick.woff]
[smansatupasirkuda.sch.id/themes/template2/fonts/slick.ttf]
[smansatupasirkuda.sch.id/themes/template2/css/slick-theme.css]
[smansatupasirkuda.sch.id/themes/template2/css/slick.css]
[smansatupasirkuda.sch.id/berita/ujian-masuk-ke-kampus-ptkin-2023-berlangsung-mulai-29-mei-di-59-lokasi.html]
[smansatupasirkuda.sch.id/berita/fitur-baru-platform-rapor-pendidikan-versi-2-0-permudah-satuan-paud-hingga-slta-lakukan-perencanaan-berbasis-data.html]
[smansatupasirkuda.sch.id/berita/platform-rapor-pendidikan-versi-2-0-telah-rilis-284-ribu-satuan-pendidikan-terbantu.html]
[smansatupasirkuda.sch.id/berita/pertemuan-aicis-ke-22-hasilkan-surabaya-charter-sepakat-tolak-politik-identitas-di-lingkungan-pendidikan.html]
[smansatupasirkuda.sch.id/berita4658.html]
[smansatupasirkuda.sch.id/berita9ba9.html]
[smansatupasirkuda.sch.id/beritafdb0.html]
[smansatupasirkuda.sch.id/beritaaf4d.html]
[smansatupasirkuda.sch.id/themes/template2/images/icons/loading2.png]
[smansatupasirkuda.sch.id/agenda/ajax.json]
[smansatupasirkuda.sch.id/berita.html]
[smansatupasirkuda.sch.id/prestasi/ajax.json]
[smansatupasirkuda.sch.id/galeri/upacara-pembukaan-kemah-blok-2023-2024/cmssekolah.html]
[smansatupasirkuda.sch.id/galeri/upacara-pembukaan-mpls-2023-2024/cmssekolah.html]
[smansatupasirkuda.sch.id/galeri/camping-ke-parabon/cmssekolah.html]
[smansatupasirkuda.sch.id/galeri/osis-sman-1-pasirkuda/cmssekolah.html]
[smansatupasirkuda.sch.id/galeri/merapi-jeep-adventure/cmssekolah.html]
[smansatupasirkuda.sch.id/galeri/borobodur/cmssekolah.html]
[smansatupasirkuda.sch.id/galeri.html]
[smansatupasirkuda.sch.id/galeri4658.html]
[smansatupasirkuda.sch.id/video/merapi-jeep-adventure.html]
[smansatupasirkuda.sch.id/cms/images/png/play_btn.png]
[smansatupasirkuda.sch.id/video/defile-porklas-sman-1-pasirkuda-2021.html]
[smansatupasirkuda.sch.id/video/profil-sman-1-pasirkuda.html]
[smansatupasirkuda.sch.id/themes/template2/images/icons/loading2.d3.delayed]
[smansatupasirkuda.sch.id/video.html]
[smansatupasirkuda.sch.id/berita/ajax.json]
[smansatupasirkuda.sch.id/cms/images/bg/no_image_100.jpg]
[smansatupasirkuda.sch.id/themes/template2/css/style-maps.css]
[smansatupasirkuda.sch.id/a,window.document.ed.delayed]
[smansatupasirkuda.sch.id/+/index.html]
[smansatupasirkuda.sch.id/Edg/index.html]
[smansatupasirkuda.sch.id/f.ee.delayed]
[smansatupasirkuda.sch.id/css.ef.delayed]
[smansatupasirkuda.sch.id/tentang-sekolah.html]
[smansatupasirkuda.sch.id/visi-misi.html]
[smansatupasirkuda.sch.id/kepala-sekolah.html]
[smansatupasirkuda.sch.id/prestasi/dakwah-pentas-pai.html]
[smansatupasirkuda.sch.id/themes/template2/images/icons/loading3.png]
[smansatupasirkuda.sch.id/prestasi.html]
[smansatupasirkuda.sch.id/peminatan.html]
[smansatupasirkuda.sch.id/opini-guru/ajax.json]
[smansatupasirkuda.sch.id/sarpras/laboratorium-kimia-11.html]
[smansatupasirkuda.sch.id/sarpras/laboratorium-fisika-14.html]
[smansatupasirkuda.sch.id/sarpras/wc-guru-4.html]
[smansatupasirkuda.sch.id/sarpras/toilet-siswa-3.html]
[smansatupasirkuda.sch.id/sarpras/x-2-1.html]
[smansatupasirkuda.sch.id/sarpras/lab-komputer-36.html]
[smansatupasirkuda.sch.id/sarpras4658.html]
[smansatupasirkuda.sch.id/sarpras.html]
[smansatupasirkuda.sch.id/sarpras9ba9.html]
[smansatupasirkuda.sch.id/guru.html]
[smansatupasirkuda.sch.id/stap-tu.html]
[smansatupasirkuda.sch.id/siswa.html]
[smansatupasirkuda.sch.id/pengumuman.html]
[smansatupasirkuda.sch.id/assets/js/jquery.bootpag.min.js]
[smansatupasirkuda.sch.id/agenda.html]
[smansatupasirkuda.sch.id/opini-siswa/ajax.json]
[smansatupasirkuda.sch.id/jadwal-pelajaran.html]
[smansatupasirkuda.sch.id/jadwal-ujian.html]
[smansatupasirkuda.sch.id/assets/modules/select2/dist/js/select2.min.js]
[smansatupasirkuda.sch.id/ekstrakurikuler/eskul-pmr.html]
[smansatupasirkuda.sch.id/ekstrakurikuler.html]
[smansatupasirkuda.sch.id/unduhan.html]
[smansatupasirkuda.sch.id/tentang-osis.html]
[smansatupasirkuda.sch.id/pengurus-osis.html]
[smansatupasirkuda.sch.id/kegiatan-osis.html]
[smansatupasirkuda.sch.id/opini-guru.html]
[smansatupasirkuda.sch.id/opini-siswa.html]
[smansatupasirkuda.sch.id/ekstrakurikuler/eskul-badminton.html]
[smansatupasirkuda.sch.id/berita/upacara-pembukaan-kemah-blok-2023-2024.html]
[smansatupasirkuda.sch.id/berita/upacara-pembukaan-mpls-2023-2024.html]
[smansatupasirkuda.sch.id/berita/rantang-pramuka.html]
[smansatupasirkuda.sch.id/themes/template2/images/icons/loading3.30c.delayed]
[smansatupasirkuda.sch.id/agenda/judul-agenda-4-988.html]
[smansatupasirkuda.sch.id/agenda/judul-agenda-1-989.html]
[smansatupasirkuda.sch.id/cms/fonts/fontawesome-webfont5b62.svg]
[smansatupasirkuda.sch.id/cms/fonts/glyphicons-halflings-regular.svg]
[smansatupasirkuda.sch.id/themes/template2/fonts/icomoon/icomoonb103.html]
[smansatupasirkuda.sch.id/themes/template2/fonts/icomoon/icomoonb103-2.html]
[smansatupasirkuda.sch.id/themes/template2/fonts/icomoon/icomoonb103-3.html]
[smansatupasirkuda.sch.id/themes/template2/fonts/icomoon/icomoonb103-4.html]
[smansatupasirkuda.sch.id/themes/template2/css/owl.video.play.html]
[smansatupasirkuda.sch.id/themes/template2/images/background8.html]
[smansatupasirkuda.sch.id/themes/template2/images/icons/ico_time.html]
[smansatupasirkuda.sch.id/themes/template2/css/ajax-loader.html]
[smansatupasirkuda.sch.id/themes/template2/fonts/slick.svg]
[smansatupasirkuda.sch.id/berita/ujian-masuk-ke-kampus-ptkin-2023-berlangsung-mulai-29-mei-di-59-lokasi.html]
[smansatupasirkuda.sch.id/berita/fitur-baru-platform-rapor-pendidikan-versi-2-0-permudah-satuan-paud-hingga-slta-lakukan-perencanaan-berbasis-data.html]
[smansatupasirkuda.sch.id/berita/platform-rapor-pendidikan-versi-2-0-telah-rilis-284-ribu-satuan-pendidikan-terbantu.html]
[smansatupasirkuda.sch.id/berita/pertemuan-aicis-ke-22-hasilkan-surabaya-charter-sepakat-tolak-politik-identitas-di-lingkungan-pendidikan.html]
[smansatupasirkuda.sch.id/pengumuman/ajax.json]
[smansatupasirkuda.sch.id/berita/pelatihan-online-implementasi-kurikulum-merdeka-bagi-guru-dan-dosen-kembali-dibuka.html]
[smansatupasirkuda.sch.id/berita/hari-pendidikan-nasional-bergerak-bersama-semarakan-merdeka-belajar.html]
[smansatupasirkuda.sch.id/berita/kabar-bahagia-544-292-guru-honorer-lolos-seleksi-asn-pppk.html]
[smansatupasirkuda.sch.id/berita/dibuka-hari-ini-berikut-cara-daftar-ujian-masuk-universitas-islam-negeri.html]
[smansatupasirkuda.sch.id/berita/10-smk-terbaik-di-indonesia-rekomendasi-ppdb-2023.html]
[smansatupasirkuda.sch.id/berita/10-sma-terbaik-di-indonesia-rekomendasi-ppdb-2023.html]
[smansatupasirkuda.sch.id/berita4658.html]
[smansatupasirkuda.sch.id/berita2679.html]
[smansatupasirkuda.sch.id/berita/bpmp-dan-dinas-pendidikan-dimbau-berkolaborasi-tingkatkan-literasi-di-sd.html]
[smansatupasirkuda.sch.id/berita/pendaftaran-implementasi-kurikulum-merdeka-tahun-ajaran-2023-2024-diperpanjang-14-april.html]
[smansatupasirkuda.sch.id/berita/penerimaan-siswa-baru-sekolah-dasar-tidak-boleh-lagi-jadikan-calistung-syarat-masuk-sekolah.html]
[smansatupasirkuda.sch.id/berita/merdeka-belajar-episode-ke-24-transisi-paud-ke-sd-yang-menyenangkan-diluncurkan.html]
[smansatupasirkuda.sch.id/berita/dinas-pendidikan-diimbau-angkat-alumni-guru-penggerak-jadi-kepala-sekolah-atau-pengawas.html]
[smansatupasirkuda.sch.id/berita9ba9.html]
[smansatupasirkuda.sch.id/berita/ujian-seleksi-kompetensi-akademik-ppg-madrasah-digelar-24-maret-2023.html]
[smansatupasirkuda.sch.id/berita/pedulilindungi-resmi-bertransformasi-menjadi-satusehat-mobile.html]
[smansatupasirkuda.sch.id/berita/pemerintah-akan-umumkan-hasil-seleksi-asn-pppk-selambat-lambatnya-10-maret-2023.html]
[smansatupasirkuda.sch.id/berita/percepatan-penyaluran-bosp-tahap-i-untuk-406-443-sekolah-jenjang-paud-dikdasmen.html]
[smansatupasirkuda.sch.id/berita/kemendikbud-3-opsi-penerapan-kurikulum-merdeka-2023-bagi-sekolah.html]
[smansatupasirkuda.sch.id/berita/prof-dr-nunuk-suryani-dilantik-menjadi-ditjen-guru-dan-tenaga-kependidikan.html]
[smansatupasirkuda.sch.id/beritafdb0.html]
[smansatupasirkuda.sch.id/berita/22-februari-2023-pukul-15-00-wib-jadi-batas-waktu-finalisasi-pdss-untuk-seleksi-masuk-ptn.html]
[smansatupasirkuda.sch.id/berita/smarttren-ramadhan.html]
[smansatupasirkuda.sch.id/berita/merapi-jeep-adventure.html]
[smansatupasirkuda.sch.id/beritaaf4d.html]
[smansatupasirkuda.sch.id/berita/go-to-jogja.html]
[smansatupasirkuda.sch.id/galeri/upacara-pembukaan-kemah-blok-2023-2024/cmssekolah.html]
[smansatupasirkuda.sch.id/galeri/upacara-pembukaan-mpls-2023-2024/cmssekolah.html]
[smansatupasirkuda.sch.id/galeri/camping-ke-parabon/cmssekolah.html]
[smansatupasirkuda.sch.id/galeri/osis-sman-1-pasirkuda/cmssekolah.html]
[smansatupasirkuda.sch.id/galeri/merapi-jeep-adventure/cmssekolah.html]
[smansatupasirkuda.sch.id/galeri/borobodur/cmssekolah.html]
[smansatupasirkuda.sch.id/themes/template2/css/masonry-style.css]
[smansatupasirkuda.sch.id/galeri/album-bersama/cmssekolah.html]
[smansatupasirkuda.sch.id/galeri4658.html]
[smansatupasirkuda.sch.id/video/merapi-jeep-adventure.html]
[smansatupasirkuda.sch.id/video/defile-porklas-sman-1-pasirkuda-2021.html]
[smansatupasirkuda.sch.id/video/profil-sman-1-pasirkuda.html]
[smansatupasirkuda.sch.id/themes/template2/images/icons/loading2.html]
[smansatupasirkuda.sch.id/themes/template2/css/style-maps.css]
[smansatupasirkuda.sch.id/Edg/index.html]
[smansatupasirkuda.sch.id/+/index.html]
[smansatupasirkuda.sch.id/a,window.document.html]
[smansatupasirkuda.sch.id/f.html]
[smansatupasirkuda.sch.id/css.html]
[smansatupasirkuda.sch.id/prestasi/dakwah-pentas-pai.html]
[smansatupasirkuda.sch.id/sarpras/laboratorium-kimia-11.html]
[smansatupasirkuda.sch.id/sarpras/laboratorium-fisika-14.html]
[smansatupasirkuda.sch.id/sarpras/wc-guru-4.html]
[smansatupasirkuda.sch.id/sarpras/toilet-siswa-3.html]
[smansatupasirkuda.sch.id/sarpras/x-2-1.html]
[smansatupasirkuda.sch.id/sarpras/lab-komputer-36.html]
[smansatupasirkuda.sch.id/galeri2679.html]
[smansatupasirkuda.sch.id/sarpras/tata-usaha-8.html]
[smansatupasirkuda.sch.id/sarpras/x-1-2.html]
[smansatupasirkuda.sch.id/sarpras/xi-ipa-8.html]
[smansatupasirkuda.sch.id/sarpras/perpustakaan-47.html]
[smansatupasirkuda.sch.id/sarpras/xii-ipa-9.html]
[smansatupasirkuda.sch.id/sarpras/xii-ips-12.html]
[smansatupasirkuda.sch.id/sarpras4658.html]
[smansatupasirkuda.sch.id/sarpras2679.html]
[smansatupasirkuda.sch.id/sarpras/laboratorium-biologi-14.html]
[smansatupasirkuda.sch.id/sarpras9ba9.html]
[smansatupasirkuda.sch.id/ekstrakurikuler/eskul-pmr.html]
[smansatupasirkuda.sch.id/ekstrakurikuler/eskul-badminton.html]
[smansatupasirkuda.sch.id/themes/template2/images/icons/loading3.html]
[smansatupasirkuda.sch.id/berita/pelatihan-online-implementasi-kurikulum-merdeka-bagi-guru-dan-dosen-kembali-dibuka.html]
[smansatupasirkuda.sch.id/berita/hari-pendidikan-nasional-bergerak-bersama-semarakan-merdeka-belajar.html]
[smansatupasirkuda.sch.id/berita/kabar-bahagia-544-292-guru-honorer-lolos-seleksi-asn-pppk.html]
[smansatupasirkuda.sch.id/berita/dibuka-hari-ini-berikut-cara-daftar-ujian-masuk-universitas-islam-negeri.html]
[smansatupasirkuda.sch.id/berita/10-smk-terbaik-di-indonesia-rekomendasi-ppdb-2023.html]
[smansatupasirkuda.sch.id/berita/10-sma-terbaik-di-indonesia-rekomendasi-ppdb-2023.html]
[smansatupasirkuda.sch.id/berita2679.html]
[smansatupasirkuda.sch.id/berita/bpmp-dan-dinas-pendidikan-dimbau-berkolaborasi-tingkatkan-literasi-di-sd.html]
[smansatupasirkuda.sch.id/berita/pendaftaran-implementasi-kurikulum-merdeka-tahun-ajaran-2023-2024-diperpanjang-14-april.html]
[smansatupasirkuda.sch.id/berita/penerimaan-siswa-baru-sekolah-dasar-tidak-boleh-lagi-jadikan-calistung-syarat-masuk-sekolah.html]
[smansatupasirkuda.sch.id/berita/merdeka-belajar-episode-ke-24-transisi-paud-ke-sd-yang-menyenangkan-diluncurkan.html]
[smansatupasirkuda.sch.id/berita/dinas-pendidikan-diimbau-angkat-alumni-guru-penggerak-jadi-kepala-sekolah-atau-pengawas.html]
[smansatupasirkuda.sch.id/berita/ujian-seleksi-kompetensi-akademik-ppg-madrasah-digelar-24-maret-2023.html]
[smansatupasirkuda.sch.id/berita/pedulilindungi-resmi-bertransformasi-menjadi-satusehat-mobile.html]
[smansatupasirkuda.sch.id/berita/pemerintah-akan-umumkan-hasil-seleksi-asn-pppk-selambat-lambatnya-10-maret-2023.html]
[smansatupasirkuda.sch.id/berita/percepatan-penyaluran-bosp-tahap-i-untuk-406-443-sekolah-jenjang-paud-dikdasmen.html]
[smansatupasirkuda.sch.id/berita/kemendikbud-3-opsi-penerapan-kurikulum-merdeka-2023-bagi-sekolah.html]
[smansatupasirkuda.sch.id/berita/prof-dr-nunuk-suryani-dilantik-menjadi-ditjen-guru-dan-tenaga-kependidikan.html]
[smansatupasirkuda.sch.id/berita/22-februari-2023-pukul-15-00-wib-jadi-batas-waktu-finalisasi-pdss-untuk-seleksi-masuk-ptn.html]
[smansatupasirkuda.sch.id/berita/smarttren-ramadhan.html]
[smansatupasirkuda.sch.id/berita/merapi-jeep-adventure.html]
[smansatupasirkuda.sch.id/berita/go-to-jogja.html]
[smansatupasirkuda.sch.id/themes/template2/css/masonry-style.css]
[smansatupasirkuda.sch.id/sarpras/xi-ips-12.html]
[smansatupasirkuda.sch.id/galeri/album-bersama/cmssekolah4658.html]
[smansatupasirkuda.sch.id/galeri/album-bersama/cmssekolah.html]
[smansatupasirkuda.sch.id/galeri2679.html]
[smansatupasirkuda.sch.id/sarpras/tata-usaha-8.html]
[smansatupasirkuda.sch.id/sarpras/x-1-2.html]
[smansatupasirkuda.sch.id/sarpras/xi-ipa-8.html]
[smansatupasirkuda.sch.id/sarpras/perpustakaan-47.html]
[smansatupasirkuda.sch.id/sarpras/xii-ipa-9.html]
[smansatupasirkuda.sch.id/sarpras/xii-ips-12.html]
[smansatupasirkuda.sch.id/sarpras2679.html]
[smansatupasirkuda.sch.id/sarpras/laboratorium-biologi-14.html]
[smansatupasirkuda.sch.id/sarpras/xi-ips-12.html]
[smansatupasirkuda.sch.id/galeri/album-bersama/cmssekolah2679.html]
[smansatupasirkuda.sch.id/galeri/album-bersama/cmssekolah4658.html]
[smansatupasirkuda.sch.id/galeri/album-bersama/cmssekolah2679.html]
